[2026-07-24 05:59 UTC] test
[2026-07-24 12:16 UTC] daily-build
[2026-07-24 12:32 UTC] daily-build
[2026-07-24 12:46 UTC] daily-build
[2026-07-24 13:01 UTC] morning-briefing
[2026-07-24 13:46 UTC] --check
[2026-07-24 17:12 UTC] oss-guardrails
[2026-07-24 17:47 UTC] daily-build
[2026-07-24 18:46 UTC] daily-build
[2026-07-24 19:03 UTC] oss-guardrails
[2026-07-24 20:01 UTC] daily-build
[2026-07-24 21:04 UTC] oss-guardrails
[2026-07-24 21:46 UTC] daily-build
[2026-07-24 22:15 UTC] daily-build
[2026-07-24 22:45 UTC] --check
[2026-07-24 22:45 UTC] manual
[2026-07-24 23:03 UTC] oss-guardrails
[2026-07-24 23:16 UTC] daily-build
[2026-07-24 23:47 UTC] daily-build
[2026-07-25 00:46 UTC] daily-build
[2026-07-25 01:01 UTC] daily-build
[2026-07-25 01:06 UTC] oss-gitleaks
[2026-07-25 02:32 UTC] daily-build
[2026-07-25 03:02 UTC] daily-build
[2026-07-25 03:04 UTC] oss-gitleaks
[2026-07-25 03:16 UTC] daily-build
[2026-07-25 12:31 UTC] daily-build
[2026-07-25 13:00 UTC] morning-briefing
[2026-07-25 13:31 UTC] daily-build
[2026-07-25 14:01 UTC] daily-build
[2026-07-25 15:32 UTC] daily-build
[2026-07-25 16:16 UTC] daily-build
[2026-07-25 16:31 UTC] daily-build
[2026-07-25 17:01 UTC] oss-gitleaks
[2026-07-25 18:16 UTC] daily-build
[2026-07-25 19:04 UTC] oss-gitleaks
[2026-07-25 20:31 UTC] daily-build
[2026-07-25 20:46 UTC] daily-build
[2026-07-25 21:01 UTC] daily-build
[2026-07-25 21:02 UTC] --dry-run
[2026-07-25 21:04 UTC] oss-gitleaks
[2026-07-25 22:30 UTC] daily-build
[2026-07-25 23:02 UTC] oss-gitleaks
[2026-07-26 00:16 UTC] daily-build
[2026-07-26 01:16 UTC] daily-build
[2026-07-26 01:31 UTC] daily-build
[2026-08-03 08:00 UTC] active
Mon Aug  3 04:01:05 EDT 2026: yolo patch
[2026-08-03 08:10 UTC] active
[2026-08-03 08:11 UTC] active
[2026-08-03 08:12 UTC] active
[2026-08-03 08:50 UTC] active
[2026-08-03 08:51 UTC] active
[2026-08-03 08:59 UTC] active
[2026-08-03 09:13 UTC] active
[2026-08-03 09:57 UTC] active
[2026-08-03 10:15 UTC] active
[2026-08-03 11:07 UTC] active
